exports[`Modal show modal" 1`] = `
<div>
  <div
    className="ls-modal"
    id="modal">
    <div
      className="ls-modal-box">
      <div
        className="ls-modal-header">
        <button
          data-dismiss="modal">
          Ã— 
        </button>
        <h4
          className="ls-modal-title">
          Desabilitar aplicativo
        </h4>
      </div>
      <div
        className="ls-modal-body"
        id="myModalBody">
        <p>
          Deseja desabilitar o aplicativo?
        </p>
      </div>
      <div
        className="ls-modal-footer ls-txt-right">
        <button
          className="ls-btn ls-float-left"
          data-dismiss="modal">
          Fechar
        </button>
        <button
          className="ls-btn-danger"
          data-target="#btn-modal, #btn-modal-disabled"
          data-toggle-class="ls-display-none"
          id="btn-modal"
          type="submit">
          Desabilitar
        </button>
        <div>
          <button
            className="ls-btn-danger ls-disabled ls-display-none"
            data-target="#btn-modal, #btn-modal-disabled"
            data-toggle-class="ls-display-none"
            id="btn-modal-disabled">
            Aguarde, desabilitando aplicativo...
          </button>
        </div>
      </div>
    </div>
  </div>
</div>
`;
